
> build
> vite build

[36mvite v7.2.7 [32mbuilding client environment for production...[36m[39m
[plugin @laravel/vite-plugin-wayfinder] Types generated for actions, routes, form variants
[32m✓[39m 0 modules transformed.
[31m✗[39m Build failed in 780ms
[31merror during build:
[31m[@tailwindcss/vite:generate:build] Cannot apply unknown utility class `border-border`[31m
file: [36mE:/promgramming/MyBoo/resources/css/app.css[31m
    at onInvalidCandidate (file:///E:/promgramming/MyBoo/node_modules/tailwindcss/dist/chunk-CT46QCH7.mjs:21:1511)
    at Ce (file:///E:/promgramming/MyBoo/node_modules/tailwindcss/dist/chunk-CT46QCH7.mjs:16:36652)
    at file:///E:/promgramming/MyBoo/node_modules/tailwindcss/dist/chunk-CT46QCH7.mjs:21:355
    at br (file:///E:/promgramming/MyBoo/node_modules/tailwindcss/dist/chunk-CT46QCH7.mjs:3:1718)
    at I (file:///E:/promgramming/MyBoo/node_modules/tailwindcss/dist/chunk-CT46QCH7.mjs:3:1377)
    at Ae (file:///E:/promgramming/MyBoo/node_modules/tailwindcss/dist/chunk-CT46QCH7.mjs:21:172)
    at Wi (file:///E:/promgramming/MyBoo/node_modules/tailwindcss/dist/chunk-CT46QCH7.mjs:38:294)
    at async Za (file:///E:/promgramming/MyBoo/node_modules/tailwindcss/dist/chunk-CT46QCH7.mjs:38:631)
    at async rf (file:///E:/promgramming/MyBoo/node_modules/tailwindcss/dist/chunk-CT46QCH7.mjs:38:1406)
    at async lu (file:///E:/promgramming/MyBoo/node_modules/@tailwindcss/node/dist/index.mjs:10:3458)[39m
